// Jest Snapshot v1, https://goo.gl/fbAQLP

exports[`About component matches snapshot DOM node stucture 1`] = `
<DocumentFragment>
  <section>
    <h1
      id="about"
    >
      Who am I?
    </h1>
    <img
      alt="translucent lens with small windows"
      class="my-2"
      src="cover-image.jpg"
      style="width: 100%;"
    />
  </section>
</DocumentFragment>
`;
