// Jest Snapshot v1, https://goo.gl/fbAQLP

exports[`Modal component matches snapshot DOM node stucture 1`] = `
<DocumentFragment>
  <div
    class="modalBackdrop"
  >
    <div
      class="modalContainer"
    >
      <h3
        class="modalName"
      >
        Keep 
      </h3>
      <img
        alt="current category"
        src="0.jpg"
      />
      <p>
        Keep budget tracker as an online and offline personal accountant!
      </p>
      <button
        type="button"
      >
        Close this modal
      </button>
    </div>
  </div>
</DocumentFragment>
`;
