// Jest Snapshot v1, https://goo.gl/fbAQLP

exports[`Nav component matches snapshot 1`] = `
<DocumentFragment>
  <header
    class="flex-row px-1"
  >
    <h2>
      <a
        data-testid="link"
        href="/"
      >
        <span
          aria-label="classical_building, computer"
          role="img"
        >
          🏛️||💻
        </span>
        Phygital!
      </a>
    </h2>
    <nav>
      <ul
        class="flex-row"
      >
        <li
          class="mx-2"
        >
          <a
            data-testid="about"
            href="#about"
          >
            About me
          </a>
        </li>
        <li
          class="mx-2"
        >
          <span>
            Contact
          </span>
        </li>
        <li
          class="mx-1 false"
        >
          <span>
            Business-finance
          </span>
        </li>
      </ul>
    </nav>
  </header>
</DocumentFragment>
`;
